[0m12:44:47.590142 [debug] [MainThread]: Sending event: {'category': 'dbt', 'action': 'invocation', 'label': 'start', 'context': [<snowplow_tracker.self_describing_json.SelfDescribingJson object at 0x0000020164DB3890>, <snowplow_tracker.self_describing_json.SelfDescribingJson object at 0x0000020164DDFE10>, <snowplow_tracker.self_describing_json.SelfDescribingJson object at 0x0000020164DDF7D0>]}


============================== 12:44:47.705161 | 621c945d-671b-448b-9914-9326d9cfdc25 ==============================
[0m12:44:47.705161 [info ] [MainThread]: Running with dbt=1.8.7
[0m12:44:47.709152 [debug] [MainThread]: running dbt with arguments {'printer_width': '80', 'indirect_selection': 'eager', 'log_cache_events': 'False', 'write_json': 'True', 'partial_parse': 'True', 'cache_selected_only': 'False', 'warn_error': 'None', 'version_check': 'True', 'debug': 'False', 'log_path': 'dbt_project\\logs', 'fail_fast': 'False', 'profiles_dir': 'dbt_project', 'use_colors': 'True', 'use_experimental_parser': 'False', 'empty': 'None', 'quiet': 'False', 'no_print': 'None', 'log_format': 'default', 'invocation_command': 'dbt debug --profiles-dir dbt_project --project-dir dbt_project', 'static_parser': 'True', 'introspect': 'True', 'target_path': 'None', 'warn_error_options': 'WarnErrorOptions(include=[], exclude=[])', 'send_anonymous_usage_stats': 'True'}
[0m12:44:50.790107 [info ] [MainThread]: dbt version: 1.8.7
[0m12:44:50.793410 [info ] [MainThread]: python version: 3.11.9
[0m12:44:50.793410 [info ] [MainThread]: python path: C:\Users\USER\AppData\Local\Programs\Python\Python311\python.exe
[0m12:44:50.801404 [info ] [MainThread]: os info: Windows-10-10.0.19045-SP0
[0m12:44:50.921422 [error] [MainThread]: Encountered an error:
Parsing Error
  Env var required but not provided: 'DATABRICKS_HOST'
[0m12:44:50.929414 [debug] [MainThread]: Command `dbt debug` failed at 12:44:50.929414 after 4.53 seconds
[0m12:44:50.929414 [debug] [MainThread]: Sending event: {'category': 'dbt', 'action': 'invocation', 'label': 'end', 'context': [<snowplow_tracker.self_describing_json.SelfDescribingJson object at 0x0000020164DBBF10>, <snowplow_tracker.self_describing_json.SelfDescribingJson object at 0x0000020164DB8BD0>, <snowplow_tracker.self_describing_json.SelfDescribingJson object at 0x0000020164DB9B90>]}
[0m12:44:50.937432 [debug] [MainThread]: Flushing usage events
[0m12:45:30.722593 [debug] [MainThread]: Sending event: {'category': 'dbt', 'action': 'invocation', 'label': 'start', 'context': [<snowplow_tracker.self_describing_json.SelfDescribingJson object at 0x000002040C724F50>, <snowplow_tracker.self_describing_json.SelfDescribingJson object at 0x000002040C71BB90>, <snowplow_tracker.self_describing_json.SelfDescribingJson object at 0x000002040C71EFD0>]}


============================== 12:45:30.737075 | a3b82669-207f-4be8-84aa-6eda7c37f7c0 ==============================
[0m12:45:30.737075 [info ] [MainThread]: Running with dbt=1.8.7
[0m12:45:30.737075 [debug] [MainThread]: running dbt with arguments {'printer_width': '80', 'indirect_selection': 'eager', 'write_json': 'True', 'log_cache_events': 'False', 'partial_parse': 'True', 'cache_selected_only': 'False', 'profiles_dir': 'dbt_project', 'fail_fast': 'False', 'warn_error': 'None', 'log_path': 'dbt_project\\logs', 'version_check': 'True', 'debug': 'False', 'use_colors': 'True', 'use_experimental_parser': 'False', 'no_print': 'None', 'quiet': 'False', 'empty': 'None', 'warn_error_options': 'WarnErrorOptions(include=[], exclude=[])', 'introspect': 'True', 'log_format': 'default', 'invocation_command': 'dbt debug --profiles-dir dbt_project --project-dir dbt_project', 'target_path': 'None', 'static_parser': 'True', 'send_anonymous_usage_stats': 'True'}
[0m12:45:30.804301 [info ] [MainThread]: dbt version: 1.8.7
[0m12:45:30.821343 [info ] [MainThread]: python version: 3.11.9
[0m12:45:30.821343 [info ] [MainThread]: python path: C:\Users\USER\AppData\Local\Programs\Python\Python311\python.exe
[0m12:45:30.821343 [info ] [MainThread]: os info: Windows-10-10.0.19045-SP0
[0m12:45:51.518878 [debug] [MainThread]: Spark adapter: Setting pyhive.hive logging to ERROR
[0m12:45:51.534467 [debug] [MainThread]: Spark adapter: Setting thrift.transport logging to ERROR
[0m12:45:51.534467 [debug] [MainThread]: Spark adapter: Setting thrift.protocol logging to ERROR
[0m12:47:09.685095 [info ] [MainThread]: Using profiles dir at dbt_project
[0m12:47:09.685095 [info ] [MainThread]: Using profiles.yml file at dbt_project\profiles.yml
[0m12:47:09.692749 [info ] [MainThread]: Using dbt_project.yml file at dbt_project\dbt_project.yml
[0m12:47:09.692749 [info ] [MainThread]: adapter type: databricks
[0m12:47:09.692749 [info ] [MainThread]: adapter version: 1.8.7
[0m12:47:09.893047 [info ] [MainThread]: Configuration:
[0m12:47:09.901057 [info ] [MainThread]:   profiles.yml file [[32mOK found and valid[0m]
[0m12:47:09.901057 [info ] [MainThread]:   dbt_project.yml file [[32mOK found and valid[0m]
[0m12:47:09.901057 [info ] [MainThread]: Required dependencies:
[0m12:47:09.901057 [debug] [MainThread]: Executing "git --help"
[0m12:47:10.517590 [debug] [MainThread]: STDOUT: "b"usage: git [--version] [--help] [-C <path>] [-c <name>=<value>]\n           [--exec-path[=<path>]] [--html-path] [--man-path] [--info-path]\n           [-p | --paginate | -P | --no-pager] [--no-replace-objects] [--bare]\n           [--git-dir=<path>] [--work-tree=<path>] [--namespace=<name>]\n           [--super-prefix=<path>] [--config-env=<name>=<envvar>]\n           <command> [<args>]\n\nThese are common Git commands used in various situations:\n\nstart a working area (see also: git help tutorial)\n   clone     Clone a repository into a new directory\n   init      Create an empty Git repository or reinitialize an existing one\n\nwork on the current change (see also: git help everyday)\n   add       Add file contents to the index\n   mv        Move or rename a file, a directory, or a symlink\n   restore   Restore working tree files\n   rm        Remove files from the working tree and from the index\n\nexamine the history and state (see also: git help revisions)\n   bisect    Use binary search to find the commit that introduced a bug\n   diff      Show changes between commits, commit and working tree, etc\n   grep      Print lines matching a pattern\n   log       Show commit logs\n   show      Show various types of objects\n   status    Show the working tree status\n\ngrow, mark and tweak your common history\n   branch    List, create, or delete branches\n   commit    Record changes to the repository\n   merge     Join two or more development histories together\n   rebase    Reapply commits on top of another base tip\n   reset     Reset current HEAD to the specified state\n   switch    Switch branches\n   tag       Create, list, delete or verify a tag object signed with GPG\n\ncollaborate (see also: git help workflows)\n   fetch     Download objects and refs from another repository\n   pull      Fetch from and integrate with another repository or a local branch\n   push      Update remote refs along with associated objects\n\n'git help -a' and 'git help -g' list available subcommands and some\nconcept guides. See 'git help <command>' or 'git help <concept>'\nto read about a specific subcommand or concept.\nSee 'git help git' for an overview of the system.\n""
[0m12:47:10.527502 [debug] [MainThread]: STDERR: "b''"
[0m12:47:10.535507 [info ] [MainThread]:  - git [[32mOK found[0m]

[0m12:47:10.535507 [info ] [MainThread]: Connection:
[0m12:47:10.543508 [info ] [MainThread]:   host: dbc-33701f64-0d8d.cloud.databricks.com
[0m12:47:10.551503 [info ] [MainThread]:   http_path: /sql/1.0/warehouses/886493d2f95c3fa1
[0m12:47:10.560109 [info ] [MainThread]:   catalog: main
[0m12:47:10.560109 [info ] [MainThread]:   schema: dbt_dev
[0m12:47:10.568123 [info ] [MainThread]: Registered adapter: databricks=1.8.7
[0m12:47:18.161810 [debug] [MainThread]: Databricks adapter: DatabricksDBTConnection(id=2216589417680, session-id=None, name=debug, idle-time=0s, acquire-count=0, language=None, thread-identifier=(11188, 6732), compute-name=) - Creating connection
[0m12:47:18.177432 [debug] [MainThread]: Acquiring new databricks connection 'debug'
[0m12:47:18.177432 [debug] [MainThread]: Databricks adapter: DatabricksDBTConnection(id=2216589417680, session-id=None, name=debug, idle-time=0.0s, acquire-count=1, language=None, thread-identifier=(11188, 6732), compute-name=) - Acquired connection on thread (11188, 6732), using default compute resource
[0m12:47:18.177432 [debug] [MainThread]: Databricks adapter: DatabricksDBTConnection(id=2216589417680, session-id=None, name=debug, idle-time=0.0s, acquire-count=1, language=None, thread-identifier=(11188, 6732), compute-name=) - Checking idleness
[0m12:47:18.177432 [debug] [MainThread]: Databricks adapter: DatabricksDBTConnection(id=2216589417680, session-id=None, name=debug, idle-time=0.0s, acquire-count=1, language=None, thread-identifier=(11188, 6732), compute-name=) - Retrieving connection
[0m12:47:18.177432 [debug] [MainThread]: Using databricks connection "debug"
[0m12:47:18.177432 [debug] [MainThread]: On debug: select 1 as id
[0m12:47:18.177432 [debug] [MainThread]: Opening a new connection, currently in state init
[0m12:47:20.031304 [debug] [MainThread]: Databricks adapter: DatabricksDBTConnection(id=2216589417680, session-id=01f15378-7df9-1185-a010-e626b0e7f1fb, name=debug, idle-time=0.0s, acquire-count=1, language=None, thread-identifier=(11188, 6732), compute-name=) - Connection created
[0m12:47:20.031304 [debug] [MainThread]: Databricks adapter: Cursor(session-id=01f15378-7df9-1185-a010-e626b0e7f1fb, command-id=Unknown) - Created cursor
[0m12:47:39.008941 [debug] [MainThread]: SQL status: OK in 20.830 seconds
[0m12:47:39.023982 [debug] [MainThread]: Databricks adapter: Cursor(session-id=01f15378-7df9-1185-a010-e626b0e7f1fb, command-id=01f15378-7e3a-1654-8738-30a97f15f347) - Closing cursor
[0m12:47:39.517227 [debug] [MainThread]: Databricks adapter: DatabricksDBTConnection(id=2216589417680, session-id=01f15378-7df9-1185-a010-e626b0e7f1fb, name=debug, idle-time=0.0s, acquire-count=0, language=None, thread-identifier=(11188, 6732), compute-name=) - Released connection
[0m12:47:39.517227 [info ] [MainThread]:   Connection test: [[32mOK connection ok[0m]

[0m12:47:39.517227 [info ] [MainThread]: [32mAll checks passed![0m
[0m12:47:39.524215 [debug] [MainThread]: Command `dbt debug` succeeded at 12:47:39.524215 after 129.15 seconds
[0m12:47:39.524215 [debug] [MainThread]: Connection 'debug' was properly closed.
[0m12:47:39.524215 [debug] [MainThread]: On debug: Close
[0m12:47:39.544896 [debug] [MainThread]: Databricks adapter: Connection(session-id=01f15378-7df9-1185-a010-e626b0e7f1fb) - Closing connection
[0m12:47:39.874119 [debug] [MainThread]: Sending event: {'category': 'dbt', 'action': 'invocation', 'label': 'end', 'context': [<snowplow_tracker.self_describing_json.SelfDescribingJson object at 0x000002040BBA9190>, <snowplow_tracker.self_describing_json.SelfDescribingJson object at 0x000002040C887310>, <snowplow_tracker.self_describing_json.SelfDescribingJson object at 0x000002040C74B0D0>]}
[0m12:47:39.874119 [debug] [MainThread]: Flushing usage events
